<?xml version="1.0" encoding="UTF-8"?>
<TestRun id="67190701-b9b3-4b6f-b353-62fe2a945037" name="jitann@IN01LT00132 2017-06-20 10:53:48" runUser="ORG\jitann" xmlns="http://microsoft.com/schemas/VisualStudio/TeamTest/2010">
  <Times creation="2017-06-20T10:53:48.5380170+05:30" queuing="2017-06-20T10:53:48.5400172+05:30" start="2017-06-20T10:53:48.5470179+05:30" finish="2017-06-20T10:53:48.6420274+05:30" />
  <TestSettings name="default" id="11c9b51a-6128-41bc-8ea1-25a12779bc02">
    <Execution>
      <TestTypeSpecific />
    </Execution>
    <Deployment runDeploymentRoot="jitann_IN01LT00132 2017-06-20 10_53_48" />
    <Properties />
  </TestSettings>
  <Results>
    <UnitTestResult executionId="33c181d2-50b2-4e35-bdc5-b04a8a05356a" testId="c67c2459-b819-a9e6-73d2-cd94aef44e2c" testName="InvoiceTest" computerName="IN01LT00132" duration="00:00:00.0781168" startTime="2017-06-20T10:53:48.0339666+05:30" endTime="2017-06-20T10:53:48.4000032+05:30" testType="13cdc9d9-ddb5-4fa4-a97d-d965ccfc6d4b" outcome="Passed" testListId="8c84fa94-04c1-424b-9868-57a2d4851a1d" relativeResultsDirectory="33c181d2-50b2-4e35-bdc5-b04a8a05356a">
      <Output>
        <StdOut>******************
Total amount before applying discount 100 

Applied discount for For every $100 on the bill, there would be a $ 5 discount (e.g. for $ 990, you get $ 45 as a discount).  and the discount is 5</StdOut>
      </Output>
    </UnitTestResult>
    <UnitTestResult executionId="6bb8e4c9-b691-44db-ab05-7dac43ed034c" testId="c0b29d3b-0095-93fc-58ed-5b230ebe21cd" testName="InvoiceSimpleTest" computerName="IN01LT00132" duration="00:00:00.0046777" startTime="2017-06-20T10:53:48.4100042+05:30" endTime="2017-06-20T10:53:48.4140046+05:30" testType="13cdc9d9-ddb5-4fa4-a97d-d965ccfc6d4b" outcome="Passed" testListId="8c84fa94-04c1-424b-9868-57a2d4851a1d" relativeResultsDirectory="6bb8e4c9-b691-44db-ab05-7dac43ed034c">
      <Output>
        <StdOut>******************
Total amount before applying discount 150 

Applied discount for If the user is an employee of the store, he gets a 30% discount   and the discount is 45

Applied discount for For every $100 on the bill, there would be a $ 5 discount (e.g. for $ 990, you get $ 45 as a discount).  and the discount is 5</StdOut>
      </Output>
    </UnitTestResult>
    <UnitTestResult executionId="7bbe4117-d35e-4fa1-b41a-8c4ab4b7f200" testId="990601a8-c98d-64ad-0842-cb5f53e0eb1a" testName="InvoiceSimpleGroceriesTest" computerName="IN01LT00132" duration="00:00:00.0015313" startTime="2017-06-20T10:53:48.4150047+05:30" endTime="2017-06-20T10:53:48.4160048+05:30" testType="13cdc9d9-ddb5-4fa4-a97d-d965ccfc6d4b" outcome="Passed" testListId="8c84fa94-04c1-424b-9868-57a2d4851a1d" relativeResultsDirectory="7bbe4117-d35e-4fa1-b41a-8c4ab4b7f200">
      <Output>
        <StdOut>******************
Total amount before applying discount 250 

Applied discount for If the user is an employee of the store, he gets a 30% discount   and the discount is 45

Applied discount for For every $100 on the bill, there would be a $ 5 discount (e.g. for $ 990, you get $ 45 as a discount).  and the discount is 10</StdOut>
      </Output>
    </UnitTestResult>
    <UnitTestResult executionId="f341f146-1eb0-42e0-916d-db951c066230" testId="91e53cbc-9c83-9df8-28b5-3cb4151e1e5a" testName="InvoiceSimpleGroceriesAffiliateTest" computerName="IN01LT00132" duration="00:00:00.0033717" startTime="2017-06-20T10:53:48.4160048+05:30" endTime="2017-06-20T10:53:48.4200052+05:30" testType="13cdc9d9-ddb5-4fa4-a97d-d965ccfc6d4b" outcome="Passed" testListId="8c84fa94-04c1-424b-9868-57a2d4851a1d" relativeResultsDirectory="f341f146-1eb0-42e0-916d-db951c066230">
      <Output>
        <StdOut>******************
Total amount before applying discount 250 

Applied discount for If the user is an affiliate of the store, he gets a 10% discount  and the discount is 15

Applied discount for For every $100 on the bill, there would be a $ 5 discount (e.g. for $ 990, you get $ 45 as a discount).  and the discount is 10</StdOut>
      </Output>
    </UnitTestResult>
    <UnitTestResult executionId="db0986c6-1ad6-4ba7-9534-d426335d6eec" testId="ac9e4517-204f-5e2f-f0ae-94f9a71c504b" testName="InvoiceSimpleGroceriesAffiliateTwoPlusYearsOldTest" computerName="IN01LT00132" duration="00:00:00.0016446" startTime="2017-06-20T10:53:48.4200052+05:30" endTime="2017-06-20T10:53:48.4220054+05:30" testType="13cdc9d9-ddb5-4fa4-a97d-d965ccfc6d4b" outcome="Passed" testListId="8c84fa94-04c1-424b-9868-57a2d4851a1d" relativeResultsDirectory="db0986c6-1ad6-4ba7-9534-d426335d6eec">
      <Output>
        <StdOut>******************
Total amount before applying discount 250 

Applied discount for If the user is an affiliate of the store, he gets a 10% discount  and the discount is 15

Applied discount for For every $100 on the bill, there would be a $ 5 discount (e.g. for $ 990, you get $ 45 as a discount).  and the discount is 10</StdOut>
      </Output>
    </UnitTestResult>
    <UnitTestResult executionId="cc51f3fb-5e88-4ef8-b10f-de652ccadcf5" testId="a066c05d-f10e-01b5-5f4b-fd67253a6423" testName="InvoiceSimpleGroceriesCustomerTwoPlusYearsOldTest" computerName="IN01LT00132" duration="00:00:00.0024755" startTime="2017-06-20T10:53:48.4220054+05:30" endTime="2017-06-20T10:53:48.4250057+05:30" testType="13cdc9d9-ddb5-4fa4-a97d-d965ccfc6d4b" outcome="Passed" testListId="8c84fa94-04c1-424b-9868-57a2d4851a1d" relativeResultsDirectory="cc51f3fb-5e88-4ef8-b10f-de652ccadcf5">
      <Output>
        <StdOut>******************
Total amount before applying discount 250 

Applied discount for If the user has been a customer for over 2 years, he gets a 5% discount.  and the discount is 7.5

Applied discount for For every $100 on the bill, there would be a $ 5 discount (e.g. for $ 990, you get $ 45 as a discount).  and the discount is 10</StdOut>
      </Output>
    </UnitTestResult>
    <UnitTestResult executionId="263f1547-854e-4f94-af2f-158a5f9411b6" testId="daaf2bc4-6b0e-2b31-d9ba-8f3ec1d5e152" testName="InvoiceSimpleCustomer" computerName="IN01LT00132" duration="00:00:00.0012316" startTime="2017-06-20T10:53:48.4250057+05:30" endTime="2017-06-20T10:53:48.4260058+05:30" testType="13cdc9d9-ddb5-4fa4-a97d-d965ccfc6d4b" outcome="Passed" testListId="8c84fa94-04c1-424b-9868-57a2d4851a1d" relativeResultsDirectory="263f1547-854e-4f94-af2f-158a5f9411b6">
      <Output>
        <StdOut>******************
Total amount before applying discount 100 

Applied discount for For every $100 on the bill, there would be a $ 5 discount (e.g. for $ 990, you get $ 45 as a discount).  and the discount is 5</StdOut>
      </Output>
    </UnitTestResult>
    <UnitTestResult executionId="ce1bf584-64b1-4b1e-8657-698c5ef143cd" testId="9771f93a-db06-4718-2530-8ba1b3c3da0d" testName="NoItemsTest" computerName="IN01LT00132" duration="00:00:00.0006285" startTime="2017-06-20T10:53:48.4260058+05:30" endTime="2017-06-20T10:53:48.4270059+05:30" testType="13cdc9d9-ddb5-4fa4-a97d-d965ccfc6d4b" outcome="Passed" testListId="8c84fa94-04c1-424b-9868-57a2d4851a1d" relativeResultsDirectory="ce1bf584-64b1-4b1e-8657-698c5ef143cd" />
  </Results>
  <TestDefinitions>
    <UnitTest name="InvoiceTest" storage="c:\work\mycode\retailwebsite\retailportal\retail.test\retail.test\bin\debug\retail.test.dll" id="c67c2459-b819-a9e6-73d2-cd94aef44e2c">
      <Execution id="33c181d2-50b2-4e35-bdc5-b04a8a05356a" />
      <TestMethod codeBase="C:\work\mycode\RetailWebsite\RetailPortal\Retail.Test\Retail.Test\bin\Debug\Retail.Test.dll" adapterTypeName="Microsoft.VisualStudio.TestTools.TestTypes.Unit.UnitTestAdapter" className="Retail.Test.RetailTest" name="InvoiceTest" />
    </UnitTest>
    <UnitTest name="InvoiceSimpleTest" storage="c:\work\mycode\retailwebsite\retailportal\retail.test\retail.test\bin\debug\retail.test.dll" id="c0b29d3b-0095-93fc-58ed-5b230ebe21cd">
      <Execution id="6bb8e4c9-b691-44db-ab05-7dac43ed034c" />
      <TestMethod codeBase="C:\work\mycode\RetailWebsite\RetailPortal\Retail.Test\Retail.Test\bin\Debug\Retail.Test.dll" adapterTypeName="Microsoft.VisualStudio.TestTools.TestTypes.Unit.UnitTestAdapter" className="Retail.Test.RetailTest" name="InvoiceSimpleTest" />
    </UnitTest>
    <UnitTest name="InvoiceSimpleGroceriesTest" storage="c:\work\mycode\retailwebsite\retailportal\retail.test\retail.test\bin\debug\retail.test.dll" id="990601a8-c98d-64ad-0842-cb5f53e0eb1a">
      <Execution id="7bbe4117-d35e-4fa1-b41a-8c4ab4b7f200" />
      <TestMethod codeBase="C:\work\mycode\RetailWebsite\RetailPortal\Retail.Test\Retail.Test\bin\Debug\Retail.Test.dll" adapterTypeName="Microsoft.VisualStudio.TestTools.TestTypes.Unit.UnitTestAdapter" className="Retail.Test.RetailTest" name="InvoiceSimpleGroceriesTest" />
    </UnitTest>
    <UnitTest name="InvoiceSimpleGroceriesAffiliateTest" storage="c:\work\mycode\retailwebsite\retailportal\retail.test\retail.test\bin\debug\retail.test.dll" id="91e53cbc-9c83-9df8-28b5-3cb4151e1e5a">
      <Execution id="f341f146-1eb0-42e0-916d-db951c066230" />
      <TestMethod codeBase="C:\work\mycode\RetailWebsite\RetailPortal\Retail.Test\Retail.Test\bin\Debug\Retail.Test.dll" adapterTypeName="Microsoft.VisualStudio.TestTools.TestTypes.Unit.UnitTestAdapter" className="Retail.Test.RetailTest" name="InvoiceSimpleGroceriesAffiliateTest" />
    </UnitTest>
    <UnitTest name="InvoiceSimpleGroceriesAffiliateTwoPlusYearsOldTest" storage="c:\work\mycode\retailwebsite\retailportal\retail.test\retail.test\bin\debug\retail.test.dll" id="ac9e4517-204f-5e2f-f0ae-94f9a71c504b">
      <Execution id="db0986c6-1ad6-4ba7-9534-d426335d6eec" />
      <TestMethod codeBase="C:\work\mycode\RetailWebsite\RetailPortal\Retail.Test\Retail.Test\bin\Debug\Retail.Test.dll" adapterTypeName="Microsoft.VisualStudio.TestTools.TestTypes.Unit.UnitTestAdapter" className="Retail.Test.RetailTest" name="InvoiceSimpleGroceriesAffiliateTwoPlusYearsOldTest" />
    </UnitTest>
    <UnitTest name="InvoiceSimpleGroceriesCustomerTwoPlusYearsOldTest" storage="c:\work\mycode\retailwebsite\retailportal\retail.test\retail.test\bin\debug\retail.test.dll" id="a066c05d-f10e-01b5-5f4b-fd67253a6423">
      <Execution id="cc51f3fb-5e88-4ef8-b10f-de652ccadcf5" />
      <TestMethod codeBase="C:\work\mycode\RetailWebsite\RetailPortal\Retail.Test\Retail.Test\bin\Debug\Retail.Test.dll" adapterTypeName="Microsoft.VisualStudio.TestTools.TestTypes.Unit.UnitTestAdapter" className="Retail.Test.RetailTest" name="InvoiceSimpleGroceriesCustomerTwoPlusYearsOldTest" />
    </UnitTest>
    <UnitTest name="InvoiceSimpleCustomer" storage="c:\work\mycode\retailwebsite\retailportal\retail.test\retail.test\bin\debug\retail.test.dll" id="daaf2bc4-6b0e-2b31-d9ba-8f3ec1d5e152">
      <Execution id="263f1547-854e-4f94-af2f-158a5f9411b6" />
      <TestMethod codeBase="C:\work\mycode\RetailWebsite\RetailPortal\Retail.Test\Retail.Test\bin\Debug\Retail.Test.dll" adapterTypeName="Microsoft.VisualStudio.TestTools.TestTypes.Unit.UnitTestAdapter" className="Retail.Test.RetailTest" name="InvoiceSimpleCustomer" />
    </UnitTest>
    <UnitTest name="NoItemsTest" storage="c:\work\mycode\retailwebsite\retailportal\retail.test\retail.test\bin\debug\retail.test.dll" id="9771f93a-db06-4718-2530-8ba1b3c3da0d">
      <Execution id="ce1bf584-64b1-4b1e-8657-698c5ef143cd" />
      <TestMethod codeBase="C:\work\mycode\RetailWebsite\RetailPortal\Retail.Test\Retail.Test\bin\Debug\Retail.Test.dll" adapterTypeName="Microsoft.VisualStudio.TestTools.TestTypes.Unit.UnitTestAdapter" className="Retail.Test.RetailTest" name="NoItemsTest" />
    </UnitTest>
  </TestDefinitions>
  <TestEntries>
    <TestEntry testId="c67c2459-b819-a9e6-73d2-cd94aef44e2c" executionId="33c181d2-50b2-4e35-bdc5-b04a8a05356a" testListId="8c84fa94-04c1-424b-9868-57a2d4851a1d" />
    <TestEntry testId="c0b29d3b-0095-93fc-58ed-5b230ebe21cd" executionId="6bb8e4c9-b691-44db-ab05-7dac43ed034c" testListId="8c84fa94-04c1-424b-9868-57a2d4851a1d" />
    <TestEntry testId="990601a8-c98d-64ad-0842-cb5f53e0eb1a" executionId="7bbe4117-d35e-4fa1-b41a-8c4ab4b7f200" testListId="8c84fa94-04c1-424b-9868-57a2d4851a1d" />
    <TestEntry testId="91e53cbc-9c83-9df8-28b5-3cb4151e1e5a" executionId="f341f146-1eb0-42e0-916d-db951c066230" testListId="8c84fa94-04c1-424b-9868-57a2d4851a1d" />
    <TestEntry testId="ac9e4517-204f-5e2f-f0ae-94f9a71c504b" executionId="db0986c6-1ad6-4ba7-9534-d426335d6eec" testListId="8c84fa94-04c1-424b-9868-57a2d4851a1d" />
    <TestEntry testId="a066c05d-f10e-01b5-5f4b-fd67253a6423" executionId="cc51f3fb-5e88-4ef8-b10f-de652ccadcf5" testListId="8c84fa94-04c1-424b-9868-57a2d4851a1d" />
    <TestEntry testId="daaf2bc4-6b0e-2b31-d9ba-8f3ec1d5e152" executionId="263f1547-854e-4f94-af2f-158a5f9411b6" testListId="8c84fa94-04c1-424b-9868-57a2d4851a1d" />
    <TestEntry testId="9771f93a-db06-4718-2530-8ba1b3c3da0d" executionId="ce1bf584-64b1-4b1e-8657-698c5ef143cd" testListId="8c84fa94-04c1-424b-9868-57a2d4851a1d" />
  </TestEntries>
  <TestLists>
    <TestList name="Results Not in a List" id="8c84fa94-04c1-424b-9868-57a2d4851a1d" />
    <TestList name="All Loaded Results" id="19431567-8539-422a-85d7-44ee4e166bda" />
  </TestLists>
  <ResultSummary outcome="Completed">
    <Counters total="8" executed="8" passed="8" failed="0" error="0" timeout="0" aborted="0" inconclusive="0" passedButRunAborted="0" notRunnable="0" notExecuted="0" disconnected="0" warning="0" completed="0" inProgress="0" pending="0" />
  </ResultSummary>
</TestRun>